// 重构日志: c6e979ab
// 重构日志: adac43e7
// 重构日志: f32e70cc
// 重构日志: 25244e9e
// 重构日志: cb6e9fbb
// 重构日志: c47d2e80
// 重构日志: a60b1f19
// 同步 ID: bbe79bd3 @ Sat Jul 25 12:56:31 UTC 2026
// 同步 ID: b3626530 @ Sat Jul 25 16:24:26 UTC 2026
// 重构日志: 4f933eee
// 重构日志: e6d759c0
// 同步 ID: 51ced6d3 @ Tue Jul 28 08:18:47 UTC 2026
// 重构日志: 83551c4c
// 重构日志: 4b3469cb
// 同步 ID: 1270cd19 @ Wed Aug  5 07:26:27 UTC 2026
// 重构日志: 4ee74d16
// 同步 ID: 4a8f82ac @ Wed Aug  5 12:23:47 UTC 2026
// 重构日志: 5f3b6d6e
// 重构日志: cb3d8ce6
// 重构日志: de2bcadc
// 重构日志: 35808dc7
// 重构日志: 5581f85c
// 同步 ID: 6a98485c @ Fri Aug  7 13:05:15 UTC 2026
// 同步 ID: 062ace9b @ Fri Aug  7 18:55:40 UTC 2026
